[template.hasthemes.com/rideo/rideo/shop.html]
[backblue.gif]
[fade.gif]
[index.html]
[template.hasthemes.com/rideo/rideo/img/favicon.ico]
[template.hasthemes.com/rideo/rideo/apple-touch-icon.png]
[template.hasthemes.com/rideo/rideo/style.css]
[template.hasthemes.com/rideo/rideo/index.html]
[template.hasthemes.com/rideo/rideo/my-account.html]
[template.hasthemes.com/rideo/rideo/img/logo.png]
[template.hasthemes.com/rideo/rideo/index-2.html]
[template.hasthemes.com/rideo/rideo/index-3.html]
[template.hasthemes.com/rideo/rideo/img/banner.jpg]
[template.hasthemes.com/rideo/rideo/about.html]
[template.hasthemes.com/rideo/rideo/shortcode/alerts.html]
[template.hasthemes.com/rideo/rideo/shortcode/buttons.html]
[template.hasthemes.com/rideo/rideo/shortcode/collapse.html]
[template.hasthemes.com/rideo/rideo/shortcode/blog.html]
[template.hasthemes.com/rideo/rideo/shortcode/service.html]
[template.hasthemes.com/rideo/rideo/shortcode/map.html]
[template.hasthemes.com/rideo/rideo/shortcode/tab.html]
[template.hasthemes.com/rideo/rideo/shortcode/team.html]
[template.hasthemes.com/rideo/rideo/shortcode/product-slider.html]
[template.hasthemes.com/rideo/rideo/shortcode/video.html]
[template.hasthemes.com/rideo/rideo/blog-1.html]
[template.hasthemes.com/rideo/rideo/blog-2.html]
[template.hasthemes.com/rideo/rideo/single-blog.html]
[template.hasthemes.com/rideo/rideo/login.html]
[template.hasthemes.com/rideo/rideo/checkout.html]
[template.hasthemes.com/rideo/rideo/wishlist.html]
[template.hasthemes.com/rideo/rideo/cart.html]
[template.hasthemes.com/rideo/rideo/contact.html]
[template.hasthemes.com/rideo/rideo/shop-list-left.html]
[template.hasthemes.com/rideo/rideo/shop-list-right.html]
[template.hasthemes.com/rideo/rideo/shop-gird-left.html]
[template.hasthemes.com/rideo/rideo/shop-gird-right.html]
[template.hasthemes.com/rideo/rideo/error-404.html]
[template.hasthemes.com/rideo/rideo/product-details.html]
[template.hasthemes.com/rideo/rideo/img/cart/1.png]
[template.hasthemes.com/rideo/rideo/img/slider/bg3.jpg]
[template.hasthemes.com/rideo/rideo/img/products/7.jpg]
[template.hasthemes.com/rideo/rideo/img/products/8.jpg]
[template.hasthemes.com/rideo/rideo/img/products/9.jpg]
[template.hasthemes.com/rideo/rideo/img/products/10.jpg]
[template.hasthemes.com/rideo/rideo/img/products/11.jpg]
[template.hasthemes.com/rideo/rideo/img/products/12.jpg]
[template.hasthemes.com/rideo/rideo/img/products/13.jpg]
[template.hasthemes.com/rideo/rideo/img/products/14.jpg]
[template.hasthemes.com/rideo/rideo/img/products/15.jpg]
[template.hasthemes.com/rideo/rideo/img/icon/w-zoom.png]
[template.hasthemes.com/rideo/rideo/img/products/16.jpg]
[template.hasthemes.com/rideo/rideo/img/products/17.jpg]
[template.hasthemes.com/rideo/rideo/img/products/18.jpg]
[template.hasthemes.com/rideo/rideo/img/products/19.jpg]
[template.hasthemes.com/rideo/rideo/img/products/side1.png]
[template.hasthemes.com/rideo/rideo/img/products/side2.png]
[template.hasthemes.com/rideo/rideo/img/products/side3.png]
[template.hasthemes.com/rideo/rideo/img/products/side4.png]
[template.hasthemes.com/rideo/rideo/img/products/l1.jpg]
[template.hasthemes.com/rideo/rideo/img/brand/1.png]
[template.hasthemes.com/rideo/rideo/img/brand/2.png]
[template.hasthemes.com/rideo/rideo/img/brand/3.png]
[template.hasthemes.com/rideo/rideo/img/brand/4.png]
[template.hasthemes.com/rideo/rideo/img/brand/5.png]
[template.hasthemes.com/rideo/rideo/img/logo2.png]
[template.hasthemes.com/rideo/rideo/login]
[template.hasthemes.com/rideo/rideo/img/footer/v1.png]
[template.hasthemes.com/rideo/rideo/img/footer/v2.png]
[template.hasthemes.com/rideo/rideo/img/footer/v3.png]
[template.hasthemes.com/rideo/rideo/img/footer/v4.png]
[template.hasthemes.com/rideo/rideo/js/vendor/jquery-migrate-3.3.2.min.js]
[template.hasthemes.com/rideo/rideo/js/vendor/modernizr-3.11.2.min.js]
[template.hasthemes.com/rideo/rideo/js/vendor/jquery-3.6.0.min.js]
[template.hasthemes.com/rideo/rideo/js/bootstrap.bundle.min.js]
[template.hasthemes.com/rideo/rideo/js/slick.min.js]
[template.hasthemes.com/rideo/rideo/js/jquery-ui.min.js]
[template.hasthemes.com/rideo/rideo/js/magnific-popup.min.js]
[template.hasthemes.com/rideo/rideo/js/countdown.js]
[template.hasthemes.com/rideo/rideo/js/jquery.meanmenu.js]
[template.hasthemes.com/rideo/rideo/shop.html]
[template.hasthemes.com/rideo/rideo/apple-touch-icon.html]
[template.hasthemes.com/rideo/rideo/js/main.js]
[template.hasthemes.com/rideo/rideo/css/animate.css]
[template.hasthemes.com/rideo/rideo/css/bootstrap.min.css]
[template.hasthemes.com/rideo/rideo/css/font-awesome.min.css]
[template.hasthemes.com/rideo/rideo/css/pe-icon-7-stroke.min.css]
[template.hasthemes.com/rideo/rideo/css/meanmenu.min.css]
[template.hasthemes.com/rideo/rideo/css/magnific-popup.css]
[template.hasthemes.com/rideo/rideo/css/slick.min.css]
[template.hasthemes.com/rideo/rideo/css/jquery-ui.min.css]
[template.hasthemes.com/rideo/rideo/css/style.css]
[template.hasthemes.com/rideo/rideo/style.css]
[template.hasthemes.com/rideo/rideo/my-account.html]
[template.hasthemes.com/rideo/rideo/css/responsive.css]
[template.hasthemes.com/rideo/rideo/img/slider/1.jpg]
[template.hasthemes.com/rideo/rideo/img/slider/shape.png]
[template.hasthemes.com/rideo/rideo/img/slider/2.jpg]
[template.hasthemes.com/rideo/rideo/img/icon/t-shape.png]
[template.hasthemes.com/rideo/rideo/img/products/1.png]
[template.hasthemes.com/rideo/rideo/img/products/3.png]
[template.hasthemes.com/rideo/rideo/img/products/2.png]
[template.hasthemes.com/rideo/rideo/img/products/u1.png]
[template.hasthemes.com/rideo/rideo/img/products/r1.png]
[template.hasthemes.com/rideo/rideo/img/products/r2.png]
[template.hasthemes.com/rideo/rideo/img/products/r3.png]
[template.hasthemes.com/rideo/rideo/img/products/r4.png]
[template.hasthemes.com/rideo/rideo/img/products/d1.png]
[template.hasthemes.com/rideo/rideo/img/products/b1.png]
[template.hasthemes.com/rideo/rideo/img/products/ssl.jpg]
[template.hasthemes.com/rideo/rideo/img/products/tag.png]
[template.hasthemes.com/rideo/rideo/img/products/ss.jpg]
[template.hasthemes.com/rideo/rideo/img/products/ssr.jpg]
[template.hasthemes.com/rideo/rideo/img/blog/1.jpg]
[template.hasthemes.com/rideo/rideo/img/blog/2.jpg]
[template.hasthemes.com/rideo/rideo/img/blog/3.jpg]
[template.hasthemes.com/rideo/rideo/index.html]
[template.hasthemes.com/rideo/rideo/img/products/1.jpg]
[template.hasthemes.com/rideo/rideo/img/icon/plus.png]
[template.hasthemes.com/rideo/rideo/img/products/2.jpg]
[template.hasthemes.com/rideo/rideo/img/products/3.jpg]
[template.hasthemes.com/rideo/rideo/img/products/4.jpg]
[template.hasthemes.com/rideo/rideo/img/products/5.jpg]
[template.hasthemes.com/rideo/rideo/img/products/6.jpg]
[template.hasthemes.com/rideo/rideo/img/products/9.png]
[template.hasthemes.com/rideo/rideo/img/products/10.png]
[template.hasthemes.com/rideo/rideo/img/products/11.png]
[template.hasthemes.com/rideo/rideo/img/products/12.png]
[template.hasthemes.com/rideo/rideo/img/products/13.png]
[template.hasthemes.com/rideo/rideo/img/products/14.png]
[template.hasthemes.com/rideo/rideo/img/products/15.png]
[template.hasthemes.com/rideo/rideo/img/products/16.png]
[template.hasthemes.com/rideo/rideo/img/products/17.png]
[template.hasthemes.com/rideo/rideo/index-2.html]
[template.hasthemes.com/rideo/rideo/index-3.html]
[template.hasthemes.com/rideo/rideo/img/slider/bg2.jpg]
[template.hasthemes.com/rideo/rideo/img/about/1.jpg]
[template.hasthemes.com/rideo/rideo/img/about/bg1.jpg]
[template.hasthemes.com/rideo/rideo/img/about/2.jpg]
[template.hasthemes.com/rideo/rideo/img/about/3.jpg]
[template.hasthemes.com/rideo/rideo/img/about/4.jpg]
[template.hasthemes.com/rideo/rideo/img/about/5.jpg]
[template.hasthemes.com/rideo/rideo/about.html]
[template.hasthemes.com/rideo/rideo/shortcode/apple-touch-icon.png]
[template.hasthemes.com/rideo/rideo/shortcode/alerts.html]
[template.hasthemes.com/rideo/rideo/shortcode/buttons.html]
[template.hasthemes.com/rideo/rideo/shortcode/style.css]
[template.hasthemes.com/rideo/rideo/shortcode/form.html]
[template.hasthemes.com/rideo/rideo/shortcode/product-details.html]
[template.hasthemes.com/rideo/rideo/shortcode/single-blog.html]
[template.hasthemes.com/rideo/rideo/js/camera.min.js]
[template.hasthemes.com/rideo/rideo/js/jquery.easing.1.3.js]
[template.hasthemes.com/rideo/rideo/js/plugins.js]
[template.hasthemes.com/rideo/rideo/shortcode/blog.html]
[template.hasthemes.com/rideo/rideo/shortcode/collapse.html]
[template.hasthemes.com/rideo/rideo/shortcode/service.html]
[template.hasthemes.com/rideo/rideo/shortcode/map.html]
[template.hasthemes.com/rideo/rideo/shortcode/tab.html]
[template.hasthemes.com/rideo/rideo/shortcode/team.html]
[template.hasthemes.com/rideo/rideo/shortcode/product-slider.html]
[template.hasthemes.com/rideo/rideo/shortcode/video.html]
[template.hasthemes.com/rideo/rideo/blog-1.html]
[template.hasthemes.com/rideo/rideo/blog-2.html]
[template.hasthemes.com/rideo/rideo/js/map-script.js]
[template.hasthemes.com/rideo/rideo/img/blog/4.jpg]
[template.hasthemes.com/rideo/rideo/single-blog.html]
[template.hasthemes.com/rideo/rideo/login.html]
[template.hasthemes.com/rideo/rideo/checkout.html]
[template.hasthemes.com/rideo/rideo/img/cart/1.jpg]
[template.hasthemes.com/rideo/rideo/wishlist.html]
[template.hasthemes.com/rideo/rideo/cart.html]
[template.hasthemes.com/rideo/rideo/contact.html]
[template.hasthemes.com/rideo/rideo/shop-list-left.html]
[template.hasthemes.com/rideo/rideo/shop-list-right.html]
[template.hasthemes.com/rideo/rideo/shop-gird-left.html]
[template.hasthemes.com/rideo/rideo/shop-gird-right.html]
[template.hasthemes.com/rideo/rideo/img/slider/bg1.jpg]
[template.hasthemes.com/rideo/rideo/img/icon/zoom.png]
[template.hasthemes.com/rideo/rideo/img/products/l2.jpg]
[template.hasthemes.com/rideo/rideo/img/products/l3.jpg]
[template.hasthemes.com/rideo/rideo/img/products/r1.jpg]
[template.hasthemes.com/rideo/rideo/img/products/r2.jpg]
[template.hasthemes.com/rideo/rideo/img/products/r3.jpg]
[template.hasthemes.com/rideo/rideo/img/products/r4.jpg]
[template.hasthemes.com/rideo/rideo/product-details.html]
[template.hasthemes.com/rideo/rideo/img/error.jpg]
[template.hasthemes.com/rideo/rideo/error-404.html]
[template.hasthemes.com/rideo/rideo/login-2.html]
[template.hasthemes.com/rideo/rideo/css/bootstrap.min.css]
[template.hasthemes.com/rideo/rideo/css/animate.css]
[template.hasthemes.com/rideo/rideo/fonts/fontawesome-webfont3295.eot]
[template.hasthemes.com/rideo/rideo/fonts/fontawesome-webfont3295.woff2]
[template.hasthemes.com/rideo/rideo/fonts/fontawesome-webfontd41d.eot]
[template.hasthemes.com/rideo/rideo/fonts/fontawesome-webfont3295.woff]
[template.hasthemes.com/rideo/rideo/fonts/fontawesome-webfont3295.ttf]
[template.hasthemes.com/rideo/rideo/css/font-awesome.min.css]
[template.hasthemes.com/rideo/rideo/fonts/Pe-icon-7-strokebb1d.eot]
[template.hasthemes.com/rideo/rideo/fonts/fontawesome-webfont3295.svg]
[template.hasthemes.com/rideo/rideo/fonts/Pe-icon-7-stroked41d.eot]
[template.hasthemes.com/rideo/rideo/fonts/Pe-icon-7-strokebb1d.woff]
[template.hasthemes.com/rideo/rideo/fonts/Pe-icon-7-strokebb1d.ttf]
[template.hasthemes.com/rideo/rideo/fonts/Pe-icon-7-strokebb1d.svg]
[template.hasthemes.com/rideo/rideo/css/pe-icon-7-stroke.min.css]
[template.hasthemes.com/rideo/rideo/css/meanmenu.min.css]
[template.hasthemes.com/rideo/rideo/css/magnific-popup.css]
[template.hasthemes.com/rideo/rideo/css/slick.min.css]
[template.hasthemes.com/rideo/rideo/css/images/ui-bg_inset-hard_100_fcfdfd_1x100.png]
[template.hasthemes.com/rideo/rideo/css/images/ui-bg_gloss-wave_55_5c9ccc_500x100.png]
[template.hasthemes.com/rideo/rideo/css/images/ui-bg_glass_85_dfeffc_1x400.png]
[template.hasthemes.com/rideo/rideo/css/images/ui-bg_glass_75_d0e5f5_1x400.png]
[template.hasthemes.com/rideo/rideo/css/images/ui-bg_inset-hard_100_f5f8f9_1x100.png]
[template.hasthemes.com/rideo/rideo/css/images/ui-bg_glass_95_fef1ec_1x400.png]
[template.hasthemes.com/rideo/rideo/css/images/ui-icons_469bdd_256x240.png]
[template.hasthemes.com/rideo/rideo/css/images/ui-icons_d8e7f3_256x240.png]
[template.hasthemes.com/rideo/rideo/css/images/ui-icons_6da8d5_256x240.png]
[template.hasthemes.com/rideo/rideo/css/images/ui-icons_217bc0_256x240.png]
[template.hasthemes.com/rideo/rideo/css/images/ui-icons_f9bd01_256x240.png]
[template.hasthemes.com/rideo/rideo/css/images/ui-icons_2e83ff_256x240.png]
[template.hasthemes.com/rideo/rideo/css/images/ui-icons_cd0a0a_256x240.png]
[template.hasthemes.com/rideo/rideo/css/jquery-ui.min.css]
[template.hasthemes.com/rideo/rideo/img/icon/s-left.png]
[template.hasthemes.com/rideo/rideo/img/icon/s-right.png]
[template.hasthemes.com/rideo/rideo/img/bg1.png]
[template.hasthemes.com/rideo/rideo/img/footer/bg1.jpg]
[template.hasthemes.com/rideo/rideo/img/footer/bg2.jpg]
[template.hasthemes.com/rideo/rideo/img/bg2.jpg]
[template.hasthemes.com/rideo/rideo/img/bg3.jpg]
[template.hasthemes.com/rideo/rideo/css/style.css]
[template.hasthemes.com/rideo/rideo/css/responsive.css]
[template.hasthemes.com/rideo/rideo/shortcode/apple-touch-icon.html]
[template.hasthemes.com/rideo/rideo/shortcode/css/font-awesome.min.css]
[template.hasthemes.com/rideo/rideo/shortcode/style.css]
[template.hasthemes.com/rideo/rideo/shortcode/form.html]
[template.hasthemes.com/rideo/rideo/shortcode/product-details.html]
[template.hasthemes.com/rideo/rideo/shortcode/single-blog.html]
[template.hasthemes.com/rideo/rideo/fonts/fontawesome-webfont3295.svg]
[template.hasthemes.com/rideo/rideo/fonts/Pe-icon-7-strokebb1d.html]
[template.hasthemes.com/rideo/rideo/fonts/Pe-icon-7-stroked41d.html]
[template.hasthemes.com/rideo/rideo/fonts/Pe-icon-7-strokebb1d-2.html]
[template.hasthemes.com/rideo/rideo/fonts/Pe-icon-7-strokebb1d-3.html]
[template.hasthemes.com/rideo/rideo/css/images/ui-bg_inset-hard_100_fcfdfd_1x100.html]
[template.hasthemes.com/rideo/rideo/css/images/ui-bg_gloss-wave_55_5c9ccc_500x100.html]
[template.hasthemes.com/rideo/rideo/css/images/ui-bg_glass_85_dfeffc_1x400.html]
[template.hasthemes.com/rideo/rideo/css/images/ui-bg_glass_75_d0e5f5_1x400.html]
[template.hasthemes.com/rideo/rideo/css/images/ui-bg_inset-hard_100_f5f8f9_1x100.html]
[template.hasthemes.com/rideo/rideo/css/images/ui-bg_glass_95_fef1ec_1x400.html]
[template.hasthemes.com/rideo/rideo/css/images/ui-icons_469bdd_256x240.html]
[template.hasthemes.com/rideo/rideo/css/images/ui-icons_d8e7f3_256x240.html]
[template.hasthemes.com/rideo/rideo/css/images/ui-icons_6da8d5_256x240.html]
[template.hasthemes.com/rideo/rideo/css/images/ui-icons_217bc0_256x240.html]
[template.hasthemes.com/rideo/rideo/css/images/ui-icons_f9bd01_256x240.html]
[template.hasthemes.com/rideo/rideo/css/images/ui-icons_2e83ff_256x240.html]
[template.hasthemes.com/rideo/rideo/css/images/ui-icons_cd0a0a_256x240.html]
[template.hasthemes.com/rideo/rideo/shortcode/css/pe-icon-7-stroke.min.css]
[template.hasthemes.com/rideo/rideo/shortcode/fonts/fontawesome-webfont3295.eot]
[template.hasthemes.com/rideo/rideo/shortcode/fonts/fontawesome-webfontd41d.eot]
[template.hasthemes.com/rideo/rideo/shortcode/fonts/fontawesome-webfont3295.woff2]
[template.hasthemes.com/rideo/rideo/shortcode/fonts/fontawesome-webfont3295.woff]
[template.hasthemes.com/rideo/rideo/shortcode/fonts/fontawesome-webfont3295.ttf]
[template.hasthemes.com/rideo/rideo/shortcode/css/font-awesome.min.css]
[template.hasthemes.com/rideo/rideo/shortcode/fonts/Pe-icon-7-stroke.bebb1d.delayed]
[template.hasthemes.com/rideo/rideo/shortcode/fonts/Pe-icon-7-stroked41d.eot]
[template.hasthemes.com/rideo/rideo/shortcode/fonts/fontawesome-webfont3295.svg]
[template.hasthemes.com/rideo/rideo/shortcode/fonts/Pe-icon-7-strokebb1d.woff]
[template.hasthemes.com/rideo/rideo/shortcode/fonts/Pe-icon-7-strokebb1d.ttf]
[template.hasthemes.com/rideo/rideo/shortcode/fonts/Pe-icon-7-strokebb1d.svg]
[template.hasthemes.com/rideo/rideo/shortcode/css/pe-icon-7-stroke.min.css]
[template.hasthemes.com/rideo/rideo/shortcode/fonts/fontawesome-webfont3295.svg]
[template.hasthemes.com/rideo/rideo/shortcode/fonts/Pe-icon-7-strokebb1d.html]
[template.hasthemes.com/rideo/rideo/shortcode/fonts/Pe-icon-7-stroked41d.html]
[template.hasthemes.com/rideo/rideo/shortcode/fonts/Pe-icon-7-strokebb1d-2.html]
[template.hasthemes.com/rideo/rideo/shortcode/fonts/Pe-icon-7-strokebb1d-3.html]
